Last login: Fri May  9 18:01:45 on ttys000
oussamakerrouzi@oussamas-MacBook-Pro ~ % mkdir learn_git

oussamakerrouzi@oussamas-MacBook-Pro ~ % cd learn_git

oussamakerrouzi@oussamas-MacBook-Pro learn_git % touch third.txt

oussamakerrouzi@oussamas-MacBook-Pro learn_git % git init

Initialized empty Git repository in /Users/oussamakerrouzi/learn_git/.git/
oussamakerrouzi@oussamas-MacBook-Pro learn_git % git add third.txt

oussamakerrouzi@oussamas-MacBook-Pro learn_git % git commit -m "adding third.txt"

[main (root-commit) b9ebb72] adding third.txt
 1 file changed, 0 insertions(+), 0 deletions(-)
 create mode 100644 third.txt
oussamakerrouzi@oussamas-MacBook-Pro learn_git % git log

commit b9ebb7218a36eead3f5aec025911ef3dec0fea1d (HEAD -> main)
Author: Oussamakerrouzi <oussakerr.business@gmail.com>
Date:   Sat May 10 12:53:11 2025 +0100

    adding third.txt
oussamakerrouzi@oussamas-MacBook-Pro learn_git % touch fourth.txt

oussamakerrouzi@oussamas-MacBook-Pro learn_git % git add fourth.txt

oussamakerrouzi@oussamas-MacBook-Pro learn_git % git commit -m "adding fourth.txt"

[main 43ef702] adding fourth.txt
 1 file changed, 0 insertions(+), 0 deletions(-)
 create mode 100644 fourth.txt
oussamakerrouzi@oussamas-MacBook-Pro learn_git % rm third.txt

oussamakerrouzi@oussamas-MacBook-Pro learn_git % git add .

oussamakerrouzi@oussamas-MacBook-Pro learn_git % git commit -m "removing third.txt"

[main a183984] removing third.txt
 1 file changed, 0 insertions(+), 0 deletions(-)
 delete mode 100644 third.txt
oussamakerrouzi@oussamas-MacBook-Pro learn_git % git log

commit a18398401f090d69d87b4d7c70cd999b150219a4 (HEAD -> main)
Author: Oussamakerrouzi <oussakerr.business@gmail.com>
Date:   Sat May 10 12:53:58 2025 +0100

    removing third.txt

commit 43ef7027b740edf18a726525172fa46406e5e6ba
Author: Oussamakerrouzi <oussakerr.business@gmail.com>
Date:   Sat May 10 12:53:37 2025 +0100

    adding fourth.txt

commit b9ebb7218a36eead3f5aec025911ef3dec0fea1d
Author: Oussamakerrouzi <oussakerr.business@gmail.com>
Date:   Sat May 10 12:53:11 2025 +0100

    adding third.txt
oussamakerrouzi@oussamas-MacBook-Pro learn_git % git config --global core.pager cat

oussamakerrouzi@oussamas-MacBook-Pro learn_git % git config --global --list

filter.lfs.clean=git-lfs clean -- %f
filter.lfs.smudge=git-lfs smudge -- %f
filter.lfs.process=git-lfs filter-process
filter.lfs.required=true
user.name=Oussamakerrouzi
user.email=oussakerr.business@gmail.com
core.pager=cat
oussamakerrouzi@oussamas-MacBook-Pro learn_git % 

